[0m20:46:30.175066 [debug] [MainThread]: Sending event: {'category': 'dbt', 'action': 'invocation', 'label': 'start', 'context': [<snowplow_tracker.self_describing_json.SelfDescribingJson object at 0x107a7ef90>, <snowplow_tracker.self_describing_json.SelfDescribingJson object at 0x1090e7c50>, <snowplow_tracker.self_describing_json.SelfDescribingJson object at 0x1090e7ed0>]}


============================== 20:46:30.177677 | f761c12a-486e-4754-b43f-e8ca420c6f92 ==============================
[0m20:46:30.177677 [info ] [MainThread]: Running with dbt=1.11.8
[0m20:46:30.177924 [debug] [MainThread]: running dbt with arguments {'log_path': 'logs', 'use_colors': 'True', 'debug': 'False', 'log_format': 'default', 'use_experimental_parser': 'False', 'printer_width': '80', 'invocation_command': 'dbt init retail_pipeline', 'partial_parse': 'True', 'quiet': 'False', 'cache_selected_only': 'False', 'static_parser': 'True', 'profiles_dir': '/Users/shivanisandeveni/.dbt', 'fail_fast': 'False', 'log_cache_events': 'False', 'no_print': 'None', 'introspect': 'True', 'warn_error_options': 'WarnErrorOptionsV2(error=[], warn=[], silence=[])', 'warn_error': 'None', 'empty': 'None', 'version_check': 'True', 'target_path': 'None', 'write_json': 'True', 'indirect_selection': 'eager', 'send_anonymous_usage_stats': 'True'}
[0m20:46:30.185680 [info ] [MainThread]: Creating dbt configuration folder at /Users/shivanisandeveni/.dbt
[0m20:46:30.186652 [debug] [MainThread]: Starter project path: /opt/anaconda3/lib/python3.13/site-packages/dbt/include/starter_project
[0m20:46:30.190266 [info ] [MainThread]: 
Your new dbt project "retail_pipeline" was created!

For more information on how to configure the profiles.yml file,
please consult the dbt documentation here:

  https://docs.getdbt.com/docs/configure-your-profile

One more thing:

Need help? Don't hesitate to reach out to us via GitHub issues or on Slack:

  https://community.getdbt.com/

Happy modeling!

[0m20:46:30.190401 [info ] [MainThread]: Setting up your profile.
[0m20:46:57.522119 [debug] [MainThread]: Snowflake adapter: Setting snowflake.connector to ERROR (file logging only)
[0m20:46:57.522368 [debug] [MainThread]: Snowflake adapter: Setting botocore to ERROR (file logging only)
[0m20:46:57.522486 [debug] [MainThread]: Snowflake adapter: Setting boto3 to ERROR (file logging only)
[0m20:49:55.672214 [info ] [MainThread]: Profile retail_pipeline written to /Users/shivanisandeveni/.dbt/profiles.yml using target's profile_template.yml and your supplied values. Run 'dbt debug' to validate the connection.
[0m20:49:55.693181 [debug] [MainThread]: Resource report: {"command_name": "init", "command_success": true, "command_wall_clock_time": 205.54683, "process_in_blocks": "0", "process_kernel_time": 0.305247, "process_mem_max_rss": "214941696", "process_out_blocks": "0", "process_user_time": 3.179905}
[0m20:49:55.694268 [debug] [MainThread]: Command `dbt init` succeeded at 20:49:55.694161 after 205.55 seconds
[0m20:49:55.694602 [debug] [MainThread]: Sending event: {'category': 'dbt', 'action': 'invocation', 'label': 'end', 'context': [<snowplow_tracker.self_describing_json.SelfDescribingJson object at 0x129f87230>, <snowplow_tracker.self_describing_json.SelfDescribingJson object at 0x129fa7e30>, <snowplow_tracker.self_describing_json.SelfDescribingJson object at 0x129f4bac0>]}
[0m20:49:55.694935 [debug] [MainThread]: Flushing usage events
[0m20:49:56.038375 [debug] [MainThread]: An error was encountered while trying to flush usage events
[0m20:51:25.488310 [debug] [MainThread]: Sending event: {'category': 'dbt', 'action': 'invocation', 'label': 'start', 'context': [<snowplow_tracker.self_describing_json.SelfDescribingJson object at 0x10638af90>, <snowplow_tracker.self_describing_json.SelfDescribingJson object at 0x1079f3c50>, <snowplow_tracker.self_describing_json.SelfDescribingJson object at 0x1079f3ed0>]}


============================== 20:51:25.490462 | 8464794e-5ebe-46c5-bd5f-8cc78b01b2da ==============================
[0m20:51:25.490462 [info ] [MainThread]: Running with dbt=1.11.8
[0m20:51:25.490726 [debug] [MainThread]: running dbt with arguments {'log_cache_events': 'False', 'log_path': 'logs', 'target_path': 'None', 'log_format': 'default', 'no_print': 'None', 'use_colors': 'True', 'indirect_selection': 'eager', 'partial_parse': 'True', 'warn_error': 'None', 'static_parser': 'True', 'profiles_dir': '/Users/shivanisandeveni/.dbt', 'empty': 'None', 'quiet': 'False', 'write_json': 'True', 'introspect': 'True', 'version_check': 'True', 'warn_error_options': 'WarnErrorOptionsV2(error=[], warn=[], silence=[])', 'cache_selected_only': 'False', 'debug': 'False', 'send_anonymous_usage_stats': 'True', 'printer_width': '80', 'fail_fast': 'False', 'invocation_command': 'dbt debug', 'use_experimental_parser': 'False'}
[0m20:51:25.498472 [info ] [MainThread]: dbt version: 1.11.8
[0m20:51:25.498629 [info ] [MainThread]: python version: 3.13.9
[0m20:51:25.498737 [info ] [MainThread]: python path: /opt/anaconda3/bin/python3.13
[0m20:51:25.498829 [info ] [MainThread]: os info: macOS-26.3.1-arm64-arm-64bit-Mach-O
[0m20:51:25.997411 [debug] [MainThread]: Snowflake adapter: Setting snowflake.connector to ERROR (file logging only)
[0m20:51:25.997620 [debug] [MainThread]: Snowflake adapter: Setting botocore to ERROR (file logging only)
[0m20:51:25.997729 [debug] [MainThread]: Snowflake adapter: Setting boto3 to ERROR (file logging only)
[0m20:51:26.018803 [info ] [MainThread]: Using profiles dir at /Users/shivanisandeveni/.dbt
[0m20:51:26.018972 [info ] [MainThread]: Using profiles.yml file at /Users/shivanisandeveni/.dbt/profiles.yml
[0m20:51:26.019081 [info ] [MainThread]: Using dbt_project.yml file at /Users/shivanisandeveni/Desktop/retail-elt-dbt-snowflake/dbt_project.yml
[0m20:51:26.019281 [info ] [MainThread]: adapter type: snowflake
[0m20:51:26.019380 [info ] [MainThread]: adapter version: 1.11.4
[0m20:51:26.019480 [info ] [MainThread]: Configuration:
[0m20:51:26.019566 [info ] [MainThread]:   profiles.yml file [[32mOK found and valid[0m]
[0m20:51:26.019652 [info ] [MainThread]:   dbt_project.yml file [[31mERROR not found[0m]
[0m20:51:26.019738 [info ] [MainThread]: Required dependencies:
[0m20:51:26.019854 [debug] [MainThread]: Executing "git --help"
[0m20:51:26.034605 [debug] [MainThread]: STDOUT: "b"usage: git [-v | --version] [-h | --help] [-C <path>] [-c <name>=<value>]\n           [--exec-path[=<path>]] [--html-path] [--man-path] [--info-path]\n           [-p | --paginate | -P | --no-pager] [--no-replace-objects] [--no-lazy-fetch]\n           [--no-optional-locks] [--no-advice] [--bare] [--git-dir=<path>]\n           [--work-tree=<path>] [--namespace=<name>] [--config-env=<name>=<envvar>]\n           <command> [<args>]\n\nThese are common Git commands used in various situations:\n\nstart a working area (see also: git help tutorial)\n   clone      Clone a repository into a new directory\n   init       Create an empty Git repository or reinitialize an existing one\n\nwork on the current change (see also: git help everyday)\n   add        Add file contents to the index\n   mv         Move or rename a file, a directory, or a symlink\n   restore    Restore working tree files\n   rm         Remove files from the working tree and from the index\n\nexamine the history and state (see also: git help revisions)\n   bisect     Use binary search to find the commit that introduced a bug\n   diff       Show changes between commits, commit and working tree, etc\n   grep       Print lines matching a pattern\n   log        Show commit logs\n   show       Show various types of objects\n   status     Show the working tree status\n\ngrow, mark and tweak your common history\n   backfill   Download missing objects in a partial clone\n   branch     List, create, or delete branches\n   commit     Record changes to the repository\n   merge      Join two or more development histories together\n   rebase     Reapply commits on top of another base tip\n   reset      Reset current HEAD to the specified state\n   switch     Switch branches\n   tag        Create, list, delete or verify a tag object signed with GPG\n\ncollaborate (see also: git help workflows)\n   fetch      Download objects and refs from another repository\n   pull       Fetch from and integrate with another repository or a local branch\n   push       Update remote refs along with associated objects\n\n'git help -a' and 'git help -g' list available subcommands and some\nconcept guides. See 'git help <command>' or 'git help <concept>'\nto read about a specific subcommand or concept.\nSee 'git help git' for an overview of the system.\n""
[0m20:51:26.035045 [debug] [MainThread]: STDERR: "b''"
[0m20:51:26.035185 [info ] [MainThread]:  - git [[32mOK found[0m]

[0m20:51:26.035309 [info ] [MainThread]: Connection:
[0m20:51:26.035446 [info ] [MainThread]:   account: tjpznut.ip05563
[0m20:51:26.035546 [info ] [MainThread]:   user: shivanisandeveni03@gmail.com
[0m20:51:26.035635 [info ] [MainThread]:   database: RETAIL_DB
[0m20:51:26.035733 [info ] [MainThread]:   warehouse: COMPUTE_WH
[0m20:51:26.035816 [info ] [MainThread]:   role: ACCOUNTADMIN
[0m20:51:26.035904 [info ] [MainThread]:   schema: RAW
[0m20:51:26.035990 [info ] [MainThread]:   authenticator: None
[0m20:51:26.036082 [info ] [MainThread]:   oauth_client_id: None
[0m20:51:26.036163 [info ] [MainThread]:   query_tag: None
[0m20:51:26.036251 [info ] [MainThread]:   client_session_keep_alive: False
[0m20:51:26.036332 [info ] [MainThread]:   host: None
[0m20:51:26.036416 [info ] [MainThread]:   port: None
[0m20:51:26.036511 [info ] [MainThread]:   proxy_host: None
[0m20:51:26.036604 [info ] [MainThread]:   proxy_port: None
[0m20:51:26.036687 [info ] [MainThread]:   protocol: None
[0m20:51:26.036771 [info ] [MainThread]:   connect_retries: 1
[0m20:51:26.036855 [info ] [MainThread]:   connect_timeout: None
[0m20:51:26.036931 [info ] [MainThread]:   retry_on_database_errors: False
[0m20:51:26.037016 [info ] [MainThread]:   retry_all: False
[0m20:51:26.037096 [info ] [MainThread]:   insecure_mode: False
[0m20:51:26.037180 [info ] [MainThread]:   reuse_connections: True
[0m20:51:26.037261 [info ] [MainThread]:   s3_stage_vpce_dns_name: None
[0m20:51:26.037344 [info ] [MainThread]:   platform_detection_timeout_seconds: 0.0
[0m20:51:26.037577 [info ] [MainThread]: Registered adapter: snowflake=1.11.4
[0m20:51:26.077276 [debug] [MainThread]: Acquiring new snowflake connection 'debug'
[0m20:51:26.124767 [debug] [MainThread]: Using snowflake connection "debug"
[0m20:51:26.124920 [debug] [MainThread]: On debug: select 1 as id
[0m20:51:26.125014 [debug] [MainThread]: Opening a new connection, currently in state init
[0m20:51:27.053199 [debug] [MainThread]: Snowflake adapter: Error running SQL: select 1 as id
[0m20:51:27.053639 [debug] [MainThread]: Snowflake adapter: Rolling back transaction.
[0m20:51:27.055544 [info ] [MainThread]:   Connection test: [[31mERROR[0m]

[0m20:51:27.055920 [info ] [MainThread]: [31m2 checks failed:[0m
[0m20:51:27.056141 [info ] [MainThread]: Project loading failed for the following reason:
 project path </Users/shivanisandeveni/Desktop/retail-elt-dbt-snowflake/dbt_project.yml> not found

[0m20:51:27.056353 [info ] [MainThread]: dbt was unable to connect to the specified database.
The database returned the following error:

  >Database Error
  290404 (08001): 404 Not Found: post tjpznut.ip05563.snowflakecomputing.com:443/session/v1/login-request

Check your database credentials and try again. For more information, visit:
https://docs.getdbt.com/docs/configure-your-profile


[0m20:51:27.062203 [debug] [MainThread]: Resource report: {"command_name": "debug", "command_success": false, "command_wall_clock_time": 1.5980495, "process_in_blocks": "0", "process_kernel_time": 0.966421, "process_mem_max_rss": "237666304", "process_out_blocks": "0", "process_user_time": 2.673719}
[0m20:51:27.062625 [debug] [MainThread]: Command `dbt debug` failed at 20:51:27.062539 after 1.60 seconds
[0m20:51:27.062881 [debug] [MainThread]: Connection 'debug' was left open.
[0m20:51:27.063070 [debug] [MainThread]: On debug: No close available on handle
[0m20:51:27.063329 [debug] [MainThread]: Sending event: {'category': 'dbt', 'action': 'invocation', 'label': 'end', 'context': [<snowplow_tracker.self_describing_json.SelfDescribingJson object at 0x14f96a9e0>, <snowplow_tracker.self_describing_json.SelfDescribingJson object at 0x14fe4c170>, <snowplow_tracker.self_describing_json.SelfDescribingJson object at 0x14f64bdf0>]}
[0m20:51:27.063652 [debug] [MainThread]: Flushing usage events
[0m20:51:27.354164 [debug] [MainThread]: An error was encountered while trying to flush usage events
